// Jest Snapshot v1, https://goo.gl/fbAQLP

exports[`render Analysis component as expectetd 1`] = `
<div>
  <section
    class="analysis-bar-chart"
  >
    <div
      style="width: 100%; height: 100%;"
    />
  </section>
</div>
`;
