// Jest Snapshot v1, https://goo.gl/fbAQLP

exports[`render NoInfo component as expected 1`] = `
<div>
  <div
    class="no-info"
  >
    <div
      class="heart-broken-wrapper"
    >
      <i
        class="fas fa-heart-broken heart-broken"
      >
        <span
          class="sr-only"
        >
          Heart broken emoji
        </span>
      </i>
    </div>
    <h1
      class="no-info-heading"
    >
      Unfortunately, information about this stock is not available.
    </h1>
    <h1
      class="no-info-heading"
    >
      Please
       
      <a
        href="/"
      >
        search
      </a>
       
      for another stock.
    </h1>
  </div>
</div>
`;
